\BOOKMARK [1][-]{section.1}{\376\377\000P\000r\000\363\000l\000o\000g\000o}{}% 1
\BOOKMARK [1][-]{section.2}{\376\377\000A\000c\000e\000r\000c\000a\000\040\000d\000e\000l\000\040\000A\000u\000t\000o\000r}{}% 2
\BOOKMARK [1][-]{section.3}{\376\377\000I\000n\000t\000r\000o\000d\000u\000c\000c\000i\000\363\000n}{}% 3
\BOOKMARK [2][-]{subsection.3.1}{\376\377\000\277\000Q\000u\000\351\000\040\000e\000s\000\040\000K\000i\000n\000d\000?}{section.3}% 4
\BOOKMARK [2][-]{subsection.3.2}{\376\377\000B\000e\000n\000e\000f\000i\000c\000i\000o\000s\000\040\000d\000e\000\040\000U\000s\000a\000r\000\040\000K\000i\000n\000d\000\040\000c\000o\000n\000\040\000G\000P\000U\000s}{section.3}% 5
\BOOKMARK [2][-]{subsection.3.3}{\376\377\000G\000l\000o\000s\000a\000r\000i\000o}{section.3}% 6
\BOOKMARK [1][-]{section.4}{\376\377\000I\000n\000s\000t\000a\000l\000a\000c\000i\000\363\000n\000\040\000d\000e\000\040\000D\000e\000p\000e\000n\000d\000e\000n\000c\000i\000a\000s}{}% 7
\BOOKMARK [2][-]{subsection.4.1}{\376\377\000I\000n\000s\000t\000a\000l\000a\000r\000\040\000D\000o\000c\000k\000e\000r}{section.4}% 8
\BOOKMARK [2][-]{subsection.4.2}{\376\377\000I\000n\000s\000t\000a\000l\000a\000r\000\040\000N\000V\000I\000D\000I\000A\000\040\000C\000o\000n\000t\000a\000i\000n\000e\000r\000\040\000T\000o\000o\000l\000k\000i\000t}{section.4}% 9
\BOOKMARK [2][-]{subsection.4.3}{\376\377\000I\000n\000s\000t\000a\000l\000a\000r\000\040\000D\000o\000c\000k\000e\000r\000\040\000C\000o\000m\000p\000o\000s\000e}{section.4}% 10
\BOOKMARK [2][-]{subsection.4.4}{\376\377\000I\000n\000s\000t\000a\000l\000a\000r\000\040\000k\000u\000b\000e\000c\000t\000l}{section.4}% 11
\BOOKMARK [2][-]{subsection.4.5}{\376\377\000I\000n\000s\000t\000a\000l\000a\000r\000\040\000c\000o\000n\000t\000a\000i\000n\000e\000r\000d}{section.4}% 12
\BOOKMARK [2][-]{subsection.4.6}{\376\377\000I\000n\000s\000t\000a\000l\000a\000r\000\040\000e\000t\000c\000d}{section.4}% 13
\BOOKMARK [2][-]{subsection.4.7}{\376\377\000I\000n\000s\000t\000a\000l\000a\000r\000\040\000k\000u\000b\000e\000l\000e\000t}{section.4}% 14
\BOOKMARK [1][-]{section.5}{\376\377\000O\000b\000j\000e\000t\000i\000v\000o\000s\000\040\000d\000e\000l\000\040\000P\000r\000o\000y\000e\000c\000t\000o}{}% 15
\BOOKMARK [1][-]{section.6}{\376\377\000R\000e\000q\000u\000i\000s\000i\000t\000o\000s\000\040\000d\000e\000l\000\040\000S\000i\000s\000t\000e\000m\000a}{}% 16
\BOOKMARK [2][-]{subsection.6.1}{\376\377\000H\000a\000r\000d\000w\000a\000r\000e}{section.6}% 17
\BOOKMARK [2][-]{subsection.6.2}{\376\377\000S\000o\000f\000t\000w\000a\000r\000e}{section.6}% 18
\BOOKMARK [2][-]{subsection.6.3}{\376\377\000R\000e\000d}{section.6}% 19
\BOOKMARK [2][-]{subsection.6.4}{\376\377\000P\000e\000r\000m\000i\000s\000o\000s}{section.6}% 20
\BOOKMARK [2][-]{subsection.6.5}{\376\377\000V\000e\000r\000i\000f\000i\000c\000a\000c\000i\000\363\000n\000\040\000d\000e\000\040\000P\000r\000e\000r\000r\000e\000q\000u\000i\000s\000i\000t\000o\000s}{section.6}% 21
\BOOKMARK [1][-]{section.7}{\376\377\000I\000n\000s\000t\000a\000l\000a\000c\000i\000\363\000n\000\040\000d\000e\000\040\000H\000e\000r\000r\000a\000m\000i\000e\000n\000t\000a\000s}{}% 22
\BOOKMARK [2][-]{subsection.7.1}{\376\377\000I\000n\000s\000t\000a\000l\000a\000r\000\040\000K\000i\000n\000d}{section.7}% 23
\BOOKMARK [1][-]{section.8}{\376\377\000A\000r\000q\000u\000i\000t\000e\000c\000t\000u\000r\000a\000\040\000d\000e\000l\000\040\000C\000l\000\372\000s\000t\000e\000r}{}% 24
\BOOKMARK [2][-]{subsection.8.1}{\376\377\000C\000o\000m\000p\000o\000n\000e\000n\000t\000e\000s}{section.8}% 25
\BOOKMARK [3][-]{subsubsection.8.1.1}{\376\377\000N\000o\000d\000o\000s}{subsection.8.1}% 26
\BOOKMARK [3][-]{subsubsection.8.1.2}{\376\377\000R\000e\000d\000e\000s}{subsection.8.1}% 27
\BOOKMARK [3][-]{subsubsection.8.1.3}{\376\377\000A\000c\000c\000e\000s\000o\000\040\000a\000\040\000G\000P\000U}{subsection.8.1}% 28
\BOOKMARK [3][-]{subsubsection.8.1.4}{\376\377\000A\000l\000m\000a\000c\000e\000n\000a\000m\000i\000e\000n\000t\000o}{subsection.8.1}% 29
\BOOKMARK [2][-]{subsection.8.2}{\376\377\000S\000e\000g\000u\000r\000i\000d\000a\000d}{section.8}% 30
\BOOKMARK [2][-]{subsection.8.3}{\376\377\000L\000i\000m\000i\000t\000a\000c\000i\000o\000n\000e\000s}{section.8}% 31
\BOOKMARK [1][-]{section.9}{\376\377\000C\000r\000e\000a\000c\000i\000\363\000n\000\040\000y\000\040\000C\000o\000n\000f\000i\000g\000u\000r\000a\000c\000i\000\363\000n\000\040\000d\000e\000l\000\040\000C\000l\000\372\000s\000t\000e\000r}{}% 32
\BOOKMARK [2][-]{subsection.9.1}{\376\377\000C\000r\000e\000a\000c\000i\000\363\000n\000\040\000d\000e\000l\000\040\000C\000l\000\372\000s\000t\000e\000r}{section.9}% 33
\BOOKMARK [2][-]{subsection.9.2}{\376\377\000E\000l\000i\000m\000i\000n\000a\000c\000i\000\363\000n\000\040\000d\000e\000l\000\040\000C\000l\000\372\000s\000t\000e\000r}{section.9}% 34
\BOOKMARK [2][-]{subsection.9.3}{\376\377\000V\000e\000r\000i\000f\000i\000c\000a\000c\000i\000\363\000n\000\040\000d\000e\000\040\000C\000r\000e\000a\000c\000i\000\363\000n}{section.9}% 35
\BOOKMARK [2][-]{subsection.9.4}{\376\377\000C\000o\000n\000s\000i\000d\000e\000r\000a\000c\000i\000o\000n\000e\000s\000\040\000A\000d\000i\000c\000i\000o\000n\000a\000l\000e\000s}{section.9}% 36
\BOOKMARK [2][-]{subsection.9.5}{\376\377\000C\000o\000n\000f\000i\000g\000u\000r\000a\000c\000i\000o\000n\000\040\000d\000e\000\040\000G\000P\000U}{section.9}% 37
\BOOKMARK [2][-]{subsection.9.6}{\376\377\000M\000o\000n\000t\000a\000j\000e\000s\000\040\000d\000e\000\040\000D\000i\000s\000p\000o\000s\000i\000t\000i\000v\000o\000s}{section.9}% 38
\BOOKMARK [2][-]{subsection.9.7}{\376\377\000P\000r\000o\000g\000r\000a\000m\000a\000c\000i\000\363\000n\000\040\000d\000e\000\040\000G\000P\000U\000\040\000e\000n\000\040\000K\000u\000b\000e\000r\000n\000e\000t\000e\000s}{section.9}% 39
\BOOKMARK [1][-]{section.10}{\376\377\000V\000e\000r\000i\000f\000i\000c\000a\000c\000i\000\363\000n\000\040\000y\000\040\000P\000r\000u\000e\000b\000a\000s}{}% 40
\BOOKMARK [1][-]{section.11}{\376\377\000P\000r\000u\000e\000b\000a\000s}{}% 41
\BOOKMARK [2][-]{subsection.11.1}{\376\377\000V\000a\000l\000i\000d\000a\000c\000i\000o\000n\000\040\000d\000e\000\040\000A\000c\000c\000e\000s\000o\000\040\000a\000\040\000G\000P\000U}{section.11}% 42
\BOOKMARK [2][-]{subsection.11.2}{\376\377\000P\000r\000u\000e\000b\000a\000\040\000A\000u\000t\000o\000m\000a\000t\000i\000z\000a\000d\000a}{section.11}% 43
\BOOKMARK [1][-]{section.12}{\376\377\000S\000o\000l\000u\000c\000i\000\363\000n\000\040\000d\000e\000\040\000P\000r\000o\000b\000l\000e\000m\000a\000s}{}% 44
\BOOKMARK [2][-]{subsection.12.1}{\376\377\000C\000r\000e\000a\000c\000i\000\363\000n\000\040\000d\000e\000l\000\040\000C\000l\000\372\000s\000t\000e\000r\000\040\000F\000a\000l\000l\000a}{section.12}% 45
\BOOKMARK [2][-]{subsection.12.2}{\376\377\000N\000o\000d\000o\000s\000\040\000N\000o\000\040\000L\000i\000s\000t\000o\000s}{section.12}% 46
\BOOKMARK [2][-]{subsection.12.3}{\376\377\000G\000P\000U\000\040\000N\000o\000\040\000D\000e\000t\000e\000c\000t\000a\000d\000a}{section.12}% 47
\BOOKMARK [2][-]{subsection.12.4}{\376\377\000P\000r\000o\000b\000l\000e\000m\000a\000s\000\040\000d\000e\000\040\000E\000x\000p\000o\000s\000i\000c\000i\000\363\000n\000\040\000d\000e\000\040\000P\000u\000e\000r\000t\000o\000s}{section.12}% 48
\BOOKMARK [2][-]{subsection.12.5}{\376\377\000E\000r\000r\000o\000r\000e\000s\000\040\000d\000e\000l\000\040\000P\000l\000u\000g\000i\000n\000\040\000d\000e\000\040\000D\000i\000s\000p\000o\000s\000i\000t\000i\000v\000o}{section.12}% 49
\BOOKMARK [2][-]{subsection.12.6}{\376\377\000R\000e\000c\000r\000e\000a\000r\000\040\000C\000l\000\372\000s\000t\000e\000r}{section.12}% 50
\BOOKMARK [1][-]{section.13}{\376\377\000L\000i\000m\000p\000i\000e\000z\000a\000\040\000y\000\040\000M\000a\000n\000t\000e\000n\000i\000m\000i\000e\000n\000t\000o}{}% 51
\BOOKMARK [1][-]{section.14}{\376\377\000P\000r\000e\000g\000u\000n\000t\000a\000s\000\040\000F\000r\000e\000c\000u\000e\000n\000t\000e\000s}{}% 52
\BOOKMARK [2][-]{subsection.14.1}{\376\377\000G\000e\000n\000e\000r\000a\000l}{section.14}% 53
\BOOKMARK [2][-]{subsection.14.2}{\376\377\000C\000o\000n\000f\000i\000g\000u\000r\000a\000c\000i\000o\000n}{section.14}% 54
\BOOKMARK [2][-]{subsection.14.3}{\376\377\000G\000P\000U}{section.14}% 55
\BOOKMARK [2][-]{subsection.14.4}{\376\377\000U\000s\000o}{section.14}% 56
\BOOKMARK [2][-]{subsection.14.5}{\376\377\000S\000o\000l\000u\000c\000i\000o\000n\000\040\000d\000e\000\040\000P\000r\000o\000b\000l\000e\000m\000a\000s}{section.14}% 57
\BOOKMARK [1][-]{section.15}{\376\377\000E\000j\000e\000m\000p\000l\000o\000s\000\040\000d\000e\000\040\000U\000s\000o}{}% 58
\BOOKMARK [2][-]{subsection.15.1}{\376\377\000E\000j\000e\000c\000u\000t\000a\000r\000\040\000P\000o\000d\000\040\000G\000P\000U}{section.15}% 59
\BOOKMARK [2][-]{subsection.15.2}{\376\377\000E\000j\000e\000m\000p\000l\000o\000\040\000d\000e\000\040\000D\000e\000s\000p\000l\000i\000e\000g\000u\000e\000\040\000d\000e\000\040\000u\000n\000a\000\040\000A\000p\000l\000i\000c\000a\000c\000i\000\363\000n\000\040\000S\000i\000m\000p\000l\000e}{section.15}% 60
\BOOKMARK [2][-]{subsection.15.3}{\376\377\000E\000j\000e\000m\000p\000l\000o\000\040\000d\000e\000\040\000U\000s\000o\000\040\000d\000e\000\040\000G\000P\000U\000\040\000p\000a\000r\000a\000\040\000C\000o\000m\000p\000u\000t\000a\000c\000i\000\363\000n\000\040\000C\000i\000e\000n\000t\000\355\000f\000i\000c\000a}{section.15}% 61
\BOOKMARK [2][-]{subsection.15.4}{\376\377\000E\000j\000e\000m\000p\000l\000o\000\040\000d\000e\000\040\000E\000s\000c\000a\000l\000a\000d\000o\000\040\000d\000e\000\040\000P\000o\000d\000s}{section.15}% 62
\BOOKMARK [2][-]{subsection.15.5}{\376\377\000E\000j\000e\000m\000p\000l\000o\000\040\000d\000e\000\040\000M\000o\000n\000i\000t\000o\000r\000e\000o\000\040\000c\000o\000n\000\040\000k\0009\000s}{section.15}% 63
\BOOKMARK [2][-]{subsection.15.6}{\376\377\000E\000j\000e\000m\000p\000l\000o\000\040\000d\000e\000\040\000D\000e\000s\000p\000l\000i\000e\000g\000u\000e\000\040\000c\000o\000n\000\040\000A\000r\000g\000o\000C\000D}{section.15}% 64
\BOOKMARK [2][-]{subsection.15.7}{\376\377\000E\000j\000e\000m\000p\000l\000o\000\040\000d\000e\000\040\000C\000o\000n\000f\000i\000g\000u\000r\000a\000c\000i\000\363\000n\000\040\000d\000e\000\040\000R\000e\000c\000u\000r\000s\000o\000s\000\040\000G\000P\000U\000\040\000A\000v\000a\000n\000z\000a\000d\000a}{section.15}% 65
\BOOKMARK [2][-]{subsection.15.8}{\376\377\000E\000j\000e\000m\000p\000l\000o\000\040\000d\000e\000\040\000D\000e\000b\000u\000g\000g\000i\000n\000g\000\040\000d\000e\000\040\000P\000o\000d\000s\000\040\000c\000o\000n\000\040\000G\000P\000U}{section.15}% 66
\BOOKMARK [2][-]{subsection.15.9}{\376\377\000E\000j\000e\000m\000p\000l\000o\000\040\000d\000e\000\040\000B\000a\000c\000k\000u\000p\000\040\000y\000\040\000R\000e\000s\000t\000a\000u\000r\000a\000c\000i\000\363\000n\000\040\000d\000e\000\040\000C\000o\000n\000f\000i\000g\000u\000r\000a\000c\000i\000\363\000n}{section.15}% 67
\BOOKMARK [1][-]{section.16}{\376\377\000H\000e\000r\000r\000a\000m\000i\000e\000n\000t\000a\000s\000\040\000A\000d\000i\000c\000i\000o\000n\000a\000l\000e\000s}{}% 68
\BOOKMARK [2][-]{subsubsection.16.0.1}{\376\377\000I\000n\000s\000t\000a\000l\000a\000c\000i\000o\000n\000\040\000d\000e\000\040\000A\000r\000g\000o\000C\000D}{section.16}% 69
\BOOKMARK [3][-]{subsubsection.16.0.2}{\376\377\000I\000n\000s\000t\000a\000l\000a\000c\000i\000o\000n\000\040\000d\000e\000\040\000k\0009\000s}{subsubsection.16.0.1}% 70
\BOOKMARK [3][-]{subsubsection.16.0.3}{\376\377\000I\000n\000t\000e\000g\000r\000a\000c\000i\000\363\000n\000\040\000c\000o\000n\000\040\000L\000e\000n\000s}{subsubsection.16.0.1}% 71
\BOOKMARK [1][-]{section.17}{\376\377\000R\000e\000g\000i\000s\000t\000r\000o\000\040\000d\000e\000\040\000C\000a\000m\000b\000i\000o\000s}{}% 72
\BOOKMARK [2][-]{subsection.17.1}{\376\377\000[\0001\000.\0001\000.\0000\000]\000\040\000-\000\040\0002\0000\0002\0005\000-\0001\0001\000-\0001\0003}{section.17}% 73
\BOOKMARK [3][-]{subsubsection.17.1.1}{\376\377\000A\000g\000r\000e\000g\000a\000d\000o}{subsection.17.1}% 74
\BOOKMARK [3][-]{subsubsection.17.1.2}{\376\377\000C\000a\000r\000a\000c\000t\000e\000r\000\355\000s\000t\000i\000c\000a\000s}{subsection.17.1}% 75
\BOOKMARK [2][-]{subsection.17.2}{\376\377\000[\0001\000.\0000\000.\0000\000]\000\040\000-\000\040\0002\0000\0002\0005\000-\0001\0001\000-\0001\0002}{section.17}% 76
\BOOKMARK [3][-]{subsubsection.17.2.1}{\376\377\000A\000g\000r\000e\000g\000a\000d\000o}{subsection.17.2}% 77
\BOOKMARK [3][-]{subsubsection.17.2.2}{\376\377\000C\000a\000r\000a\000c\000t\000e\000r\000\355\000s\000t\000i\000c\000a\000s}{subsection.17.2}% 78
\BOOKMARK [1][-]{section.18}{\376\377\000L\000i\000c\000e\000n\000c\000i\000a}{}% 79
\BOOKMARK [1][-]{section.19}{\376\377\000A\000p\000\351\000n\000d\000i\000c\000e\000s}{}% 80
\BOOKMARK [2][-]{subsection.19.1}{\376\377\000V\000e\000r\000s\000i\000\363\000n\000\040\000d\000e\000\040\000C\000o\000m\000p\000o\000n\000e\000n\000t\000e\000s}{section.19}% 81
\BOOKMARK [2][-]{subsection.19.2}{\376\377\000E\000s\000t\000r\000u\000c\000t\000u\000r\000a\000\040\000d\000e\000l\000\040\000P\000r\000o\000y\000e\000c\000t\000o}{section.19}% 82
\BOOKMARK [1][-]{section.20}{\376\377\000A\000n\000e\000x\000o\000s}{}% 83
\BOOKMARK [2][-]{subsection.20.1}{\376\377\0001\0006\000.\0001\000:\000\040\000S\000c\000r\000i\000p\000t\000\040\000s\000e\000t\000u\000p\000.\000s\000h}{section.20}% 84
\BOOKMARK [2][-]{subsection.20.2}{\376\377\0001\0006\000.\0002\000:\000\040\000S\000c\000r\000i\000p\000t\000\040\000v\000a\000l\000i\000d\000a\000t\000e\000.\000s\000h}{section.20}% 85
\BOOKMARK [2][-]{subsection.20.3}{\376\377\0001\0006\000.\0003\000:\000\040\000S\000c\000r\000i\000p\000t\000\040\000c\000l\000e\000a\000n\000u\000p\000.\000s\000h}{section.20}% 86
\BOOKMARK [2][-]{subsection.20.4}{\376\377\0001\0006\000.\0004\000:\000\040\000S\000c\000r\000i\000p\000t\000\040\000m\000o\000n\000i\000t\000o\000r\000i\000n\000g\000.\000s\000h}{section.20}% 87
\BOOKMARK [2][-]{subsection.20.5}{\376\377\0001\0006\000.\0005\000:\000\040\000S\000c\000r\000i\000p\000t\000\040\000s\000e\000t\000\137\000p\000a\000t\000h\000.\000s\000h}{section.20}% 88
\BOOKMARK [2][-]{subsection.20.6}{\376\377\0001\0006\000.\0006\000:\000\040\000A\000r\000c\000h\000i\000v\000o\000\040\000k\000i\000n\000d\000-\000c\000o\000n\000f\000i\000g\000.\000y\000a\000m\000l}{section.20}% 89
\BOOKMARK [2][-]{subsection.20.7}{\376\377\0001\0006\000.\0008\000:\000\040\000S\000c\000r\000i\000p\000t\000\040\000m\000e\000g\000a\000\137\000s\000e\000t\000u\000p\000.\000s\000h}{section.20}% 90
\BOOKMARK [2][-]{subsection.20.8}{\376\377\0001\0006\000.\0007\000:\000\040\000A\000r\000c\000h\000i\000v\000o\000\040\000k\000u\000b\000e\000c\000o\000n\000f\000i\000g\000.\000y\000a\000m\000l}{section.20}% 91
\BOOKMARK [2][-]{subsection.20.9}{\376\377\0001\0006\000.\0009\000:\000\040\000S\000c\000r\000i\000p\000t\000\040\000c\000l\000u\000s\000t\000e\000r\000\137\000m\000a\000n\000a\000g\000e\000r\000.\000p\000y}{section.20}% 92
\BOOKMARK [2][-]{subsection.20.10}{\376\377\0001\0006\000.\0001\0000\000:\000\040\000S\000c\000r\000i\000p\000t\000\040\000g\000p\000u\000\137\000m\000o\000n\000i\000t\000o\000r\000.\000p\000y}{section.20}% 93
\BOOKMARK [2][-]{subsection.20.11}{\376\377\0001\0006\000.\0001\0001\000:\000\040\000A\000r\000c\000h\000i\000v\000o\000\040\000a\000r\000g\000o\000c\000d\000-\000a\000p\000p\000.\000y\000a\000m\000l}{section.20}% 94
\BOOKMARK [1][-]{section.21}{\376\377\000B\000i\000b\000l\000i\000o\000g\000r\000a\000f\000\355\000a}{}% 95
