\BOOKMARK [0][-]{chapter*.1}{\376\377\000C\000o\000n\000t\000e\000n\000t\000s}{}% 1
\BOOKMARK [0][-]{chapter*.2}{\376\377\000L\000i\000s\000t\000\040\000o\000f\000\040\000F\000i\000g\000u\000r\000e\000s}{}% 2
\BOOKMARK [0][-]{chapter*.3}{\376\377\000L\000i\000s\000t\000\040\000o\000f\000\040\000T\000a\000b\000l\000e\000s}{}% 3
\BOOKMARK [0][-]{chapter*.4}{\376\377\000L\000i\000s\000t\000i\000n\000g\000s}{}% 4
\BOOKMARK [0][-]{chapter.1}{\376\377\000A\000b\000s\000t\000r\000a\000c\000t}{}% 5
\BOOKMARK [0][-]{chapter.2}{\376\377\000I\000n\000t\000r\000o\000d\000u\000c\000t\000i\000o\000n}{}% 6
\BOOKMARK [1][-]{section.2.1}{\376\377\000B\000a\000c\000k\000g\000r\000o\000u\000n\000d\000\040\000a\000n\000d\000\040\000M\000o\000t\000i\000v\000a\000t\000i\000o\000n}{chapter.2}% 7
\BOOKMARK [1][-]{section.2.2}{\376\377\000P\000r\000o\000b\000l\000e\000m\000\040\000S\000t\000a\000t\000e\000m\000e\000n\000t}{chapter.2}% 8
\BOOKMARK [1][-]{section.2.3}{\376\377\000S\000o\000l\000u\000t\000i\000o\000n\000\040\000O\000v\000e\000r\000v\000i\000e\000w}{chapter.2}% 9
\BOOKMARK [0][-]{chapter.3}{\376\377\000O\000b\000j\000e\000c\000t\000i\000v\000e\000s}{}% 10
\BOOKMARK [1][-]{section.3.1}{\376\377\000P\000r\000i\000m\000a\000r\000y\000\040\000O\000b\000j\000e\000c\000t\000i\000v\000e\000s}{chapter.3}% 11
\BOOKMARK [1][-]{section.3.2}{\376\377\000S\000e\000c\000o\000n\000d\000a\000r\000y\000\040\000O\000b\000j\000e\000c\000t\000i\000v\000e\000s}{chapter.3}% 12
\BOOKMARK [1][-]{section.3.3}{\376\377\000S\000u\000c\000c\000e\000s\000s\000\040\000C\000r\000i\000t\000e\000r\000i\000a}{chapter.3}% 13
\BOOKMARK [0][-]{chapter.4}{\376\377\000G\000l\000o\000s\000s\000a\000r\000y}{}% 14
\BOOKMARK [0][-]{chapter.5}{\376\377\000C\000o\000n\000t\000e\000n\000t\000\040\000D\000e\000v\000e\000l\000o\000p\000m\000e\000n\000t}{}% 15
\BOOKMARK [1][-]{section.5.1}{\376\377\000A\000r\000c\000h\000i\000t\000e\000c\000t\000u\000r\000e\000\040\000O\000v\000e\000r\000v\000i\000e\000w}{chapter.5}% 16
\BOOKMARK [2][-]{subsection.5.1.1}{\376\377\000I\000n\000f\000r\000a\000s\000t\000r\000u\000c\000t\000u\000r\000e\000\040\000L\000a\000y\000e\000r}{section.5.1}% 17
\BOOKMARK [2][-]{subsection.5.1.2}{\376\377\000O\000r\000c\000h\000e\000s\000t\000r\000a\000t\000i\000o\000n\000\040\000L\000a\000y\000e\000r}{section.5.1}% 18
\BOOKMARK [1][-]{section.5.2}{\376\377\000I\000m\000p\000l\000e\000m\000e\000n\000t\000a\000t\000i\000o\000n\000\040\000C\000o\000m\000p\000o\000n\000e\000n\000t\000s}{chapter.5}% 19
\BOOKMARK [2][-]{subsection.5.2.1}{\376\377\000C\000l\000u\000s\000t\000e\000r\000\040\000C\000r\000e\000a\000t\000i\000o\000n\000\040\000S\000c\000r\000i\000p\000t}{section.5.2}% 20
\BOOKMARK [2][-]{subsection.5.2.2}{\376\377\000G\000P\000U\000\040\000V\000a\000l\000i\000d\000a\000t\000i\000o\000n\000\040\000S\000c\000r\000i\000p\000t}{section.5.2}% 21
\BOOKMARK [2][-]{subsection.5.2.3}{\376\377\000G\000P\000U\000\040\000J\000o\000b\000\040\000M\000a\000n\000i\000f\000e\000s\000t}{section.5.2}% 22
\BOOKMARK [2][-]{subsection.5.2.4}{\376\377\000T\000e\000s\000t\000\040\000E\000x\000e\000c\000u\000t\000i\000o\000n\000\040\000S\000c\000r\000i\000p\000t}{section.5.2}% 23
\BOOKMARK [2][-]{subsection.5.2.5}{\376\377\000R\000e\000s\000u\000l\000t\000\040\000V\000a\000l\000i\000d\000a\000t\000i\000o\000n\000\040\000S\000c\000r\000i\000p\000t}{section.5.2}% 24
\BOOKMARK [0][-]{chapter.6}{\376\377\000E\000x\000a\000m\000p\000l\000e\000s}{}% 25
\BOOKMARK [1][-]{section.6.1}{\376\377\000B\000a\000s\000i\000c\000\040\000G\000P\000U\000\040\000J\000o\000b\000\040\000E\000x\000a\000m\000p\000l\000e}{chapter.6}% 26
\BOOKMARK [1][-]{section.6.2}{\376\377\000M\000a\000c\000h\000i\000n\000e\000\040\000L\000e\000a\000r\000n\000i\000n\000g\000\040\000T\000r\000a\000i\000n\000i\000n\000g\000\040\000J\000o\000b}{chapter.6}% 27
\BOOKMARK [1][-]{section.6.3}{\376\377\000M\000u\000l\000t\000i\000-\000G\000P\000U\000\040\000D\000e\000p\000l\000o\000y\000m\000e\000n\000t}{chapter.6}% 28
\BOOKMARK [0][-]{chapter.7}{\376\377\000T\000e\000s\000t\000s}{}% 29
\BOOKMARK [1][-]{section.7.1}{\376\377\000T\000e\000s\000t\000\040\000M\000e\000t\000h\000o\000d\000o\000l\000o\000g\000y}{chapter.7}% 30
\BOOKMARK [1][-]{section.7.2}{\376\377\000T\000e\000s\000t\000\040\000S\000c\000e\000n\000a\000r\000i\000o\000s}{chapter.7}% 31
\BOOKMARK [2][-]{subsection.7.2.1}{\376\377\000G\000P\000U\000\040\000D\000e\000t\000e\000c\000t\000i\000o\000n\000\040\000T\000e\000s\000t}{section.7.2}% 32
\BOOKMARK [2][-]{subsection.7.2.2}{\376\377\000J\000o\000b\000\040\000E\000x\000e\000c\000u\000t\000i\000o\000n\000\040\000T\000e\000s\000t}{section.7.2}% 33
\BOOKMARK [2][-]{subsection.7.2.3}{\376\377\000R\000e\000s\000o\000u\000r\000c\000e\000\040\000A\000l\000l\000o\000c\000a\000t\000i\000o\000n\000\040\000T\000e\000s\000t}{section.7.2}% 34
\BOOKMARK [1][-]{section.7.3}{\376\377\000T\000e\000s\000t\000\040\000A\000u\000t\000o\000m\000a\000t\000i\000o\000n}{chapter.7}% 35
\BOOKMARK [0][-]{chapter.8}{\376\377\000E\000x\000p\000e\000c\000t\000e\000d\000\040\000R\000e\000s\000u\000l\000t\000s}{}% 36
\BOOKMARK [1][-]{section.8.1}{\376\377\000C\000l\000u\000s\000t\000e\000r\000\040\000C\000r\000e\000a\000t\000i\000o\000n\000\040\000R\000e\000s\000u\000l\000t\000s}{chapter.8}% 37
\BOOKMARK [1][-]{section.8.2}{\376\377\000G\000P\000U\000\040\000V\000a\000l\000i\000d\000a\000t\000i\000o\000n\000\040\000R\000e\000s\000u\000l\000t\000s}{chapter.8}% 38
\BOOKMARK [1][-]{section.8.3}{\376\377\000J\000o\000b\000\040\000E\000x\000e\000c\000u\000t\000i\000o\000n\000\040\000R\000e\000s\000u\000l\000t\000s}{chapter.8}% 39
\BOOKMARK [1][-]{section.8.4}{\376\377\000P\000e\000r\000f\000o\000r\000m\000a\000n\000c\000e\000\040\000M\000e\000t\000r\000i\000c\000s}{chapter.8}% 40
\BOOKMARK [0][-]{chapter.9}{\376\377\000C\000o\000n\000c\000l\000u\000s\000i\000o\000n\000s}{}% 41
\BOOKMARK [1][-]{section.9.1}{\376\377\000S\000u\000m\000m\000a\000r\000y\000\040\000o\000f\000\040\000A\000c\000h\000i\000e\000v\000e\000m\000e\000n\000t\000s}{chapter.9}% 42
\BOOKMARK [1][-]{section.9.2}{\376\377\000T\000e\000c\000h\000n\000i\000c\000a\000l\000\040\000C\000o\000n\000t\000r\000i\000b\000u\000t\000i\000o\000n\000s}{chapter.9}% 43
\BOOKMARK [1][-]{section.9.3}{\376\377\000F\000u\000t\000u\000r\000e\000\040\000E\000n\000h\000a\000n\000c\000e\000m\000e\000n\000t\000s}{chapter.9}% 44
\BOOKMARK [2][-]{subsection.9.3.1}{\376\377\000M\000u\000l\000t\000i\000-\000N\000o\000d\000e\000\040\000S\000u\000p\000p\000o\000r\000t}{section.9.3}% 45
\BOOKMARK [2][-]{subsection.9.3.2}{\376\377\000A\000d\000v\000a\000n\000c\000e\000d\000\040\000S\000c\000h\000e\000d\000u\000l\000i\000n\000g}{section.9.3}% 46
\BOOKMARK [2][-]{subsection.9.3.3}{\376\377\000M\000o\000n\000i\000t\000o\000r\000i\000n\000g\000\040\000I\000n\000t\000e\000g\000r\000a\000t\000i\000o\000n}{section.9.3}% 47
\BOOKMARK [2][-]{subsection.9.3.4}{\376\377\000C\000l\000o\000u\000d\000\040\000P\000r\000o\000v\000i\000d\000e\000r\000\040\000S\000u\000p\000p\000o\000r\000t}{section.9.3}% 48
\BOOKMARK [1][-]{section.9.4}{\376\377\000I\000m\000p\000a\000c\000t\000\040\000A\000s\000s\000e\000s\000s\000m\000e\000n\000t}{chapter.9}% 49
\BOOKMARK [1][-]{section.9.5}{\376\377\000F\000i\000n\000a\000l\000\040\000R\000e\000m\000a\000r\000k\000s}{chapter.9}% 50
\BOOKMARK [0][-]{chapter.10}{\376\377\000B\000i\000b\000l\000i\000o\000g\000r\000a\000p\000h\000y}{}% 51
\BOOKMARK [0][-]{chapter*.10}{\376\377\000B\000i\000b\000l\000i\000o\000g\000r\000a\000p\000h\000y}{}% 52
\BOOKMARK [0][-]{chapter.11}{\376\377\000A\000p\000p\000e\000n\000d\000i\000c\000e\000s}{}% 53
\BOOKMARK [1][-]{section.11.1}{\376\377\000G\000P\000U\000\040\000S\000p\000e\000c\000i\000f\000i\000c\000a\000t\000i\000o\000n\000s}{chapter.11}% 54
\BOOKMARK [2][-]{subsection.11.1.1}{\376\377\000N\000V\000I\000D\000I\000A\000\040\000G\000P\000U\000\040\000R\000e\000q\000u\000i\000r\000e\000m\000e\000n\000t\000s}{section.11.1}% 55
\BOOKMARK [2][-]{subsection.11.1.2}{\376\377\000S\000u\000p\000p\000o\000r\000t\000e\000d\000\040\000G\000P\000U\000\040\000M\000o\000d\000e\000l\000s}{section.11.1}% 56
\BOOKMARK [1][-]{section.11.2}{\376\377\000I\000n\000s\000t\000a\000l\000l\000a\000t\000i\000o\000n\000\040\000P\000r\000e\000r\000e\000q\000u\000i\000s\000i\000t\000e\000s}{chapter.11}% 57
\BOOKMARK [2][-]{subsection.11.2.1}{\376\377\000S\000y\000s\000t\000e\000m\000\040\000R\000e\000q\000u\000i\000r\000e\000m\000e\000n\000t\000s}{section.11.2}% 58
\BOOKMARK [2][-]{subsection.11.2.2}{\376\377\000S\000o\000f\000t\000w\000a\000r\000e\000\040\000D\000e\000p\000e\000n\000d\000e\000n\000c\000i\000e\000s}{section.11.2}% 59
\BOOKMARK [1][-]{section.11.3}{\376\377\000T\000r\000o\000u\000b\000l\000e\000s\000h\000o\000o\000t\000i\000n\000g\000\040\000G\000u\000i\000d\000e}{chapter.11}% 60
\BOOKMARK [2][-]{subsection.11.3.1}{\376\377\000C\000o\000m\000m\000o\000n\000\040\000I\000s\000s\000u\000e\000s}{section.11.3}% 61
\BOOKMARK [1][-]{section.11.4}{\376\377\000C\000o\000n\000f\000i\000g\000u\000r\000a\000t\000i\000o\000n\000\040\000R\000e\000f\000e\000r\000e\000n\000c\000e}{chapter.11}% 62
\BOOKMARK [2][-]{subsection.11.4.1}{\376\377\000M\000i\000n\000i\000k\000u\000b\000e\000\040\000C\000o\000n\000f\000i\000g\000u\000r\000a\000t\000i\000o\000n}{section.11.4}% 63
\BOOKMARK [2][-]{subsection.11.4.2}{\376\377\000K\000u\000b\000e\000r\000n\000e\000t\000e\000s\000\040\000G\000P\000U\000\040\000R\000e\000s\000o\000u\000r\000c\000e\000\040\000L\000i\000m\000i\000t\000s}{section.11.4}% 64
\BOOKMARK [1][-]{section.11.5}{\376\377\000S\000e\000c\000u\000r\000i\000t\000y\000\040\000C\000o\000n\000s\000i\000d\000e\000r\000a\000t\000i\000o\000n\000s}{chapter.11}% 65
\BOOKMARK [2][-]{subsection.11.5.1}{\376\377\000G\000P\000U\000\040\000A\000c\000c\000e\000s\000s\000\040\000C\000o\000n\000t\000r\000o\000l}{section.11.5}% 66
\BOOKMARK [2][-]{subsection.11.5.2}{\376\377\000C\000o\000n\000t\000a\000i\000n\000e\000r\000\040\000S\000e\000c\000u\000r\000i\000t\000y}{section.11.5}% 67
\BOOKMARK [1][-]{section.11.6}{\376\377\000G\000P\000U\000\040\000M\000a\000r\000k\000e\000t\000\040\000A\000n\000a\000l\000y\000s\000i\000s}{chapter.11}% 68
\BOOKMARK [1][-]{section.11.7}{\376\377\000M\000u\000l\000t\000i\000-\000N\000o\000d\000e\000\040\000E\000x\000a\000m\000p\000l\000e\000s}{chapter.11}% 69
\BOOKMARK [1][-]{section.11.8}{\376\377\000M\000o\000n\000i\000t\000o\000r\000i\000n\000g\000\040\000S\000e\000t\000u\000p}{chapter.11}% 70
\BOOKMARK [1][-]{section.11.9}{\376\377\000C\000l\000o\000u\000d\000\040\000P\000r\000o\000v\000i\000d\000e\000r\000\040\000C\000o\000n\000f\000i\000g\000u\000r\000a\000t\000i\000o\000n\000s}{chapter.11}% 71
\BOOKMARK [2][-]{subsection.11.9.1}{\376\377\000A\000W\000S\000\040\000E\000K\000S\000\040\000G\000P\000U\000\040\000C\000o\000n\000f\000i\000g\000u\000r\000a\000t\000i\000o\000n}{section.11.9}% 72
\BOOKMARK [2][-]{subsection.11.9.2}{\376\377\000G\000o\000o\000g\000l\000e\000\040\000G\000K\000E\000\040\000G\000P\000U\000\040\000C\000o\000n\000f\000i\000g\000u\000r\000a\000t\000i\000o\000n}{section.11.9}% 73
