\BOOKMARK [0][-]{chapter*.1}{\376\377\000C\000o\000n\000t\000e\000n\000t\000s}{}% 1
\BOOKMARK [0][-]{chapter*.2}{\376\377\000L\000i\000s\000t\000\040\000o\000f\000\040\000F\000i\000g\000u\000r\000e\000s}{}% 2
\BOOKMARK [0][-]{chapter*.3}{\376\377\000L\000i\000s\000t\000\040\000o\000f\000\040\000T\000a\000b\000l\000e\000s}{}% 3
\BOOKMARK [0][-]{chapter*.4}{\376\377\000L\000i\000s\000t\000i\000n\000g\000s}{}% 4
\BOOKMARK [0][-]{chapter.1}{\376\377\000E\000x\000e\000c\000u\000t\000i\000v\000e\000\040\000S\000u\000m\000m\000a\000r\000y}{}% 5
\BOOKMARK [0][-]{chapter.2}{\376\377\000I\000n\000t\000r\000o\000d\000u\000c\000t\000i\000o\000n}{}% 6
\BOOKMARK [1][-]{section.2.1}{\376\377\000B\000a\000c\000k\000g\000r\000o\000u\000n\000d}{chapter.2}% 7
\BOOKMARK [1][-]{section.2.2}{\376\377\000O\000b\000j\000e\000c\000t\000i\000v\000e\000s}{chapter.2}% 8
\BOOKMARK [1][-]{section.2.3}{\376\377\000S\000c\000o\000p\000e}{chapter.2}% 9
\BOOKMARK [1][-]{section.2.4}{\376\377\000T\000a\000r\000g\000e\000t\000\040\000A\000u\000d\000i\000e\000n\000c\000e}{chapter.2}% 10
\BOOKMARK [0][-]{chapter.3}{\376\377\000T\000e\000c\000h\000n\000i\000c\000a\000l\000\040\000A\000r\000c\000h\000i\000t\000e\000c\000t\000u\000r\000e}{}% 11
\BOOKMARK [1][-]{section.3.1}{\376\377\000F\000r\000e\000e\000I\000P\000A\000\040\000O\000v\000e\000r\000v\000i\000e\000w}{chapter.3}% 12
\BOOKMARK [2][-]{subsection.3.1.1}{\376\377\000C\000o\000r\000e\000\040\000C\000o\000m\000p\000o\000n\000e\000n\000t\000s}{section.3.1}% 13
\BOOKMARK [1][-]{section.3.2}{\376\377\000C\000o\000n\000t\000a\000i\000n\000e\000r\000\040\000A\000r\000c\000h\000i\000t\000e\000c\000t\000u\000r\000e}{chapter.3}% 14
\BOOKMARK [2][-]{subsection.3.2.1}{\376\377\000S\000e\000r\000v\000i\000c\000e\000\040\000P\000o\000r\000t\000s}{section.3.2}% 15
\BOOKMARK [1][-]{section.3.3}{\376\377\000D\000a\000t\000a\000\040\000P\000e\000r\000s\000i\000s\000t\000e\000n\000c\000e}{chapter.3}% 16
\BOOKMARK [0][-]{chapter.4}{\376\377\000I\000n\000s\000t\000a\000l\000l\000a\000t\000i\000o\000n\000\040\000G\000u\000i\000d\000e}{}% 17
\BOOKMARK [1][-]{section.4.1}{\376\377\000P\000r\000e\000r\000e\000q\000u\000i\000s\000i\000t\000e\000s}{chapter.4}% 18
\BOOKMARK [2][-]{subsection.4.1.1}{\376\377\000S\000y\000s\000t\000e\000m\000\040\000R\000e\000q\000u\000i\000r\000e\000m\000e\000n\000t\000s}{section.4.1}% 19
\BOOKMARK [2][-]{subsection.4.1.2}{\376\377\000N\000e\000t\000w\000o\000r\000k\000\040\000C\000o\000n\000f\000i\000g\000u\000r\000a\000t\000i\000o\000n}{section.4.1}% 20
\BOOKMARK [1][-]{section.4.2}{\376\377\000I\000n\000s\000t\000a\000l\000l\000a\000t\000i\000o\000n\000\040\000P\000r\000o\000c\000e\000s\000s}{chapter.4}% 21
\BOOKMARK [2][-]{subsection.4.2.1}{\376\377\000S\000t\000e\000p\000\040\0001\000:\000\040\000D\000o\000c\000k\000e\000r\000\040\000I\000m\000a\000g\000e\000\040\000A\000c\000q\000u\000i\000s\000i\000t\000i\000o\000n}{section.4.2}% 22
\BOOKMARK [2][-]{subsection.4.2.2}{\376\377\000S\000t\000e\000p\000\040\0002\000:\000\040\000V\000o\000l\000u\000m\000e\000\040\000C\000r\000e\000a\000t\000i\000o\000n}{section.4.2}% 23
\BOOKMARK [2][-]{subsection.4.2.3}{\376\377\000S\000t\000e\000p\000\040\0003\000:\000\040\000C\000o\000n\000t\000a\000i\000n\000e\000r\000\040\000D\000e\000p\000l\000o\000y\000m\000e\000n\000t}{section.4.2}% 24
\BOOKMARK [1][-]{section.4.3}{\376\377\000C\000o\000n\000f\000i\000g\000u\000r\000a\000t\000i\000o\000n\000\040\000P\000a\000r\000a\000m\000e\000t\000e\000r\000s}{chapter.4}% 25
\BOOKMARK [0][-]{chapter.5}{\376\377\000C\000l\000i\000e\000n\000t\000\040\000C\000o\000n\000f\000i\000g\000u\000r\000a\000t\000i\000o\000n}{}% 26
\BOOKMARK [1][-]{section.5.1}{\376\377\000L\000i\000n\000u\000x\000\040\000C\000l\000i\000e\000n\000t\000\040\000E\000n\000r\000o\000l\000l\000m\000e\000n\000t}{chapter.5}% 27
\BOOKMARK [2][-]{subsection.5.1.1}{\376\377\000P\000r\000e\000r\000e\000q\000u\000i\000s\000i\000t\000e\000s}{section.5.1}% 28
\BOOKMARK [2][-]{subsection.5.1.2}{\376\377\000I\000n\000s\000t\000a\000l\000l\000a\000t\000i\000o\000n\000\040\000S\000t\000e\000p\000s}{section.5.1}% 29
\BOOKMARK [1][-]{section.5.2}{\376\377\000V\000e\000r\000i\000f\000i\000c\000a\000t\000i\000o\000n}{chapter.5}% 30
\BOOKMARK [0][-]{chapter.6}{\376\377\000U\000s\000a\000g\000e\000\040\000E\000x\000a\000m\000p\000l\000e\000s}{}% 31
\BOOKMARK [1][-]{section.6.1}{\376\377\000U\000s\000e\000r\000\040\000M\000a\000n\000a\000g\000e\000m\000e\000n\000t}{chapter.6}% 32
\BOOKMARK [2][-]{subsection.6.1.1}{\376\377\000U\000s\000e\000r\000\040\000C\000r\000e\000a\000t\000i\000o\000n}{section.6.1}% 33
\BOOKMARK [2][-]{subsection.6.1.2}{\376\377\000G\000r\000o\000u\000p\000\040\000M\000a\000n\000a\000g\000e\000m\000e\000n\000t}{section.6.1}% 34
\BOOKMARK [1][-]{section.6.2}{\376\377\000S\000e\000r\000v\000i\000c\000e\000\040\000P\000r\000i\000n\000c\000i\000p\000a\000l\000s}{chapter.6}% 35
\BOOKMARK [1][-]{section.6.3}{\376\377\000A\000c\000c\000e\000s\000s\000\040\000C\000o\000n\000t\000r\000o\000l}{chapter.6}% 36
\BOOKMARK [0][-]{chapter.7}{\376\377\000P\000e\000r\000f\000o\000r\000m\000a\000n\000c\000e\000\040\000a\000n\000d\000\040\000M\000e\000t\000r\000i\000c\000s}{}% 37
\BOOKMARK [1][-]{section.7.1}{\376\377\000R\000e\000s\000o\000u\000r\000c\000e\000\040\000R\000e\000q\000u\000i\000r\000e\000m\000e\000n\000t\000s}{chapter.7}% 38
\BOOKMARK [2][-]{subsection.7.1.1}{\376\377\000M\000e\000m\000o\000r\000y\000\040\000U\000s\000a\000g\000e}{section.7.1}% 39
\BOOKMARK [2][-]{subsection.7.1.2}{\376\377\000S\000t\000o\000r\000a\000g\000e\000\040\000R\000e\000q\000u\000i\000r\000e\000m\000e\000n\000t\000s}{section.7.1}% 40
\BOOKMARK [1][-]{section.7.2}{\376\377\000P\000e\000r\000f\000o\000r\000m\000a\000n\000c\000e\000\040\000O\000p\000t\000i\000m\000i\000z\000a\000t\000i\000o\000n}{chapter.7}% 41
\BOOKMARK [2][-]{subsection.7.2.1}{\376\377\000D\000a\000t\000a\000b\000a\000s\000e\000\040\000T\000u\000n\000i\000n\000g}{section.7.2}% 42
\BOOKMARK [2][-]{subsection.7.2.2}{\376\377\000C\000o\000n\000n\000e\000c\000t\000i\000o\000n\000\040\000P\000o\000o\000l\000i\000n\000g}{section.7.2}% 43
\BOOKMARK [0][-]{chapter.8}{\376\377\000B\000e\000s\000t\000\040\000P\000r\000a\000c\000t\000i\000c\000e\000s}{}% 44
\BOOKMARK [1][-]{section.8.1}{\376\377\000S\000e\000c\000u\000r\000i\000t\000y\000\040\000C\000o\000n\000s\000i\000d\000e\000r\000a\000t\000i\000o\000n\000s}{chapter.8}% 45
\BOOKMARK [2][-]{subsection.8.1.1}{\376\377\000P\000a\000s\000s\000w\000o\000r\000d\000\040\000P\000o\000l\000i\000c\000i\000e\000s}{section.8.1}% 46
\BOOKMARK [2][-]{subsection.8.1.2}{\376\377\000C\000e\000r\000t\000i\000f\000i\000c\000a\000t\000e\000\040\000M\000a\000n\000a\000g\000e\000m\000e\000n\000t}{section.8.1}% 47
\BOOKMARK [1][-]{section.8.2}{\376\377\000B\000a\000c\000k\000u\000p\000\040\000a\000n\000d\000\040\000R\000e\000c\000o\000v\000e\000r\000y}{chapter.8}% 48
\BOOKMARK [2][-]{subsection.8.2.1}{\376\377\000B\000a\000c\000k\000u\000p\000\040\000P\000r\000o\000c\000e\000d\000u\000r\000e\000s}{section.8.2}% 49
\BOOKMARK [2][-]{subsection.8.2.2}{\376\377\000R\000e\000c\000o\000v\000e\000r\000y\000\040\000P\000r\000o\000c\000e\000d\000u\000r\000e\000s}{section.8.2}% 50
\BOOKMARK [1][-]{section.8.3}{\376\377\000M\000o\000n\000i\000t\000o\000r\000i\000n\000g}{chapter.8}% 51
\BOOKMARK [2][-]{subsection.8.3.1}{\376\377\000H\000e\000a\000l\000t\000h\000\040\000C\000h\000e\000c\000k\000s}{section.8.3}% 52
\BOOKMARK [0][-]{chapter.9}{\376\377\000T\000r\000o\000u\000b\000l\000e\000s\000h\000o\000o\000t\000i\000n\000g}{}% 53
\BOOKMARK [1][-]{section.9.1}{\376\377\000C\000o\000m\000m\000o\000n\000\040\000I\000s\000s\000u\000e\000s}{chapter.9}% 54
\BOOKMARK [2][-]{subsection.9.1.1}{\376\377\000C\000o\000n\000t\000a\000i\000n\000e\000r\000\040\000S\000t\000a\000r\000t\000u\000p\000\040\000P\000r\000o\000b\000l\000e\000m\000s}{section.9.1}% 55
\BOOKMARK [2][-]{subsection.9.1.2}{\376\377\000N\000e\000t\000w\000o\000r\000k\000\040\000P\000o\000r\000t\000\040\000C\000o\000n\000f\000l\000i\000c\000t\000s}{section.9.1}% 56
\BOOKMARK [2][-]{subsection.9.1.3}{\376\377\000D\000N\000S\000\040\000R\000e\000s\000o\000l\000u\000t\000i\000o\000n\000\040\000I\000s\000s\000u\000e\000s}{section.9.1}% 57
\BOOKMARK [1][-]{section.9.2}{\376\377\000D\000e\000b\000u\000g\000g\000i\000n\000g\000\040\000T\000o\000o\000l\000s}{chapter.9}% 58
\BOOKMARK [2][-]{subsection.9.2.1}{\376\377\000L\000o\000g\000\040\000A\000n\000a\000l\000y\000s\000i\000s}{section.9.2}% 59
\BOOKMARK [2][-]{subsection.9.2.2}{\376\377\000N\000e\000t\000w\000o\000r\000k\000\040\000D\000i\000a\000g\000n\000o\000s\000t\000i\000c\000s}{section.9.2}% 60
\BOOKMARK [0][-]{chapter.10}{\376\377\000C\000o\000n\000c\000l\000u\000s\000i\000o\000n\000s\000\040\000a\000n\000d\000\040\000F\000u\000t\000u\000r\000e\000\040\000W\000o\000r\000k}{}% 61
\BOOKMARK [1][-]{section.10.1}{\376\377\000S\000u\000m\000m\000a\000r\000y}{chapter.10}% 62
\BOOKMARK [1][-]{section.10.2}{\376\377\000F\000u\000t\000u\000r\000e\000\040\000E\000n\000h\000a\000n\000c\000e\000m\000e\000n\000t\000s}{chapter.10}% 63
\BOOKMARK [2][-]{subsection.10.2.1}{\376\377\000H\000i\000g\000h\000\040\000A\000v\000a\000i\000l\000a\000b\000i\000l\000i\000t\000y}{section.10.2}% 64
\BOOKMARK [2][-]{subsection.10.2.2}{\376\377\000M\000u\000l\000t\000i\000-\000M\000a\000s\000t\000e\000r\000\040\000R\000e\000p\000l\000i\000c\000a\000t\000i\000o\000n}{section.10.2}% 65
\BOOKMARK [2][-]{subsection.10.2.3}{\376\377\000C\000l\000o\000u\000d\000\040\000I\000n\000t\000e\000g\000r\000a\000t\000i\000o\000n}{section.10.2}% 66
\BOOKMARK [1][-]{section.10.3}{\376\377\000R\000e\000c\000o\000m\000m\000e\000n\000d\000a\000t\000i\000o\000n\000s}{chapter.10}% 67
\BOOKMARK [0][-]{chapter*.9}{\376\377\000B\000i\000b\000l\000i\000o\000g\000r\000a\000p\000h\000y}{}% 68
\BOOKMARK [0][-]{appendix.1.A}{\376\377\000A\000d\000v\000a\000n\000c\000e\000d\000\040\000C\000o\000n\000f\000i\000g\000u\000r\000a\000t\000i\000o\000n}{}% 69
\BOOKMARK [1][-]{section.1.A.1}{\376\377\000C\000u\000s\000t\000o\000m\000\040\000S\000S\000L\000\040\000C\000e\000r\000t\000i\000f\000i\000c\000a\000t\000e\000s}{appendix.1.A}% 70
\BOOKMARK [1][-]{section.1.A.2}{\376\377\000C\000u\000s\000t\000o\000m\000\040\000D\000N\000S\000\040\000C\000o\000n\000f\000i\000g\000u\000r\000a\000t\000i\000o\000n}{appendix.1.A}% 71
\BOOKMARK [1][-]{section.1.A.3}{\376\377\000H\000B\000A\000C\000\040\000R\000u\000l\000e\000s\000\040\000C\000o\000n\000f\000i\000g\000u\000r\000a\000t\000i\000o\000n}{appendix.1.A}% 72
\BOOKMARK [0][-]{appendix.1.B}{\376\377\000M\000i\000g\000r\000a\000t\000i\000o\000n\000\040\000P\000r\000o\000c\000e\000d\000u\000r\000e\000s}{}% 73
\BOOKMARK [1][-]{section.1.B.1}{\376\377\000M\000i\000g\000r\000a\000t\000i\000o\000n\000\040\000f\000r\000o\000m\000\040\000O\000p\000e\000n\000L\000D\000A\000P}{appendix.1.B}% 74
\BOOKMARK [1][-]{section.1.B.2}{\376\377\000M\000i\000g\000r\000a\000t\000i\000o\000n\000\040\000f\000r\000o\000m\000\040\000A\000c\000t\000i\000v\000e\000\040\000D\000i\000r\000e\000c\000t\000o\000r\000y}{appendix.1.B}% 75
\BOOKMARK [0][-]{appendix.1.C}{\376\377\000P\000e\000r\000f\000o\000r\000m\000a\000n\000c\000e\000\040\000T\000u\000n\000i\000n\000g}{}% 76
\BOOKMARK [1][-]{section.1.C.1}{\376\377\000D\000a\000t\000a\000b\000a\000s\000e\000\040\000O\000p\000t\000i\000m\000i\000z\000a\000t\000i\000o\000n}{appendix.1.C}% 77
\BOOKMARK [1][-]{section.1.C.2}{\376\377\000C\000o\000n\000n\000e\000c\000t\000i\000o\000n\000\040\000P\000o\000o\000l\000\040\000O\000p\000t\000i\000m\000i\000z\000a\000t\000i\000o\000n}{appendix.1.C}% 78
