\BOOKMARK [0][-]{chapter*.1}{\376\377\000C\000o\000n\000t\000e\000n\000t\000s}{}% 1
\BOOKMARK [0][-]{chapter*.2}{\376\377\000L\000i\000s\000t\000\040\000o\000f\000\040\000F\000i\000g\000u\000r\000e\000s}{}% 2
\BOOKMARK [0][-]{chapter*.3}{\376\377\000L\000i\000s\000t\000\040\000o\000f\000\040\000T\000a\000b\000l\000e\000s}{}% 3
\BOOKMARK [0][-]{chapter*.4}{\376\377\000L\000i\000s\000t\000i\000n\000g\000s}{}% 4
\BOOKMARK [0][-]{chapter.1}{\376\377\000E\000x\000e\000c\000u\000t\000i\000v\000e\000\040\000S\000u\000m\000m\000a\000r\000y}{}% 5
\BOOKMARK [1][-]{section.1.1}{\376\377\000K\000e\000y\000\040\000T\000e\000c\000h\000n\000i\000c\000a\000l\000\040\000A\000c\000h\000i\000e\000v\000e\000m\000e\000n\000t\000s}{chapter.1}% 6
\BOOKMARK [1][-]{section.1.2}{\376\377\000B\000u\000s\000i\000n\000e\000s\000s\000\040\000I\000m\000p\000a\000c\000t\000\040\000a\000n\000d\000\040\000R\000O\000I}{chapter.1}% 7
\BOOKMARK [0][-]{chapter.2}{\376\377\000I\000n\000t\000r\000o\000d\000u\000c\000t\000i\000o\000n}{}% 8
\BOOKMARK [1][-]{section.2.1}{\376\377\000B\000a\000c\000k\000g\000r\000o\000u\000n\000d\000\040\000a\000n\000d\000\040\000C\000o\000n\000t\000e\000x\000t}{chapter.2}% 9
\BOOKMARK [1][-]{section.2.2}{\376\377\000P\000r\000o\000b\000l\000e\000m\000\040\000S\000t\000a\000t\000e\000m\000e\000n\000t\000\040\000a\000n\000d\000\040\000T\000e\000c\000h\000n\000i\000c\000a\000l\000\040\000C\000h\000a\000l\000l\000e\000n\000g\000e\000s}{chapter.2}% 10
\BOOKMARK [1][-]{section.2.3}{\376\377\000P\000r\000o\000p\000o\000s\000e\000d\000\040\000S\000o\000l\000u\000t\000i\000o\000n\000\040\000a\000n\000d\000\040\000T\000e\000c\000h\000n\000i\000c\000a\000l\000\040\000A\000p\000p\000r\000o\000a\000c\000h}{chapter.2}% 11
\BOOKMARK [0][-]{chapter.3}{\376\377\000T\000e\000c\000h\000n\000i\000c\000a\000l\000\040\000A\000r\000c\000h\000i\000t\000e\000c\000t\000u\000r\000e}{}% 12
\BOOKMARK [1][-]{section.3.1}{\376\377\000S\000y\000s\000t\000e\000m\000\040\000A\000r\000c\000h\000i\000t\000e\000c\000t\000u\000r\000e\000\040\000O\000v\000e\000r\000v\000i\000e\000w}{chapter.3}% 13
\BOOKMARK [1][-]{section.3.2}{\376\377\000D\000e\000t\000a\000i\000l\000e\000d\000\040\000C\000o\000m\000p\000o\000n\000e\000n\000t\000\040\000A\000n\000a\000l\000y\000s\000i\000s}{chapter.3}% 14
\BOOKMARK [2][-]{subsection.3.2.1}{\376\377\000I\000n\000f\000r\000a\000s\000t\000r\000u\000c\000t\000u\000r\000e\000\040\000L\000a\000y\000e\000r\000:\000\040\000F\000o\000u\000n\000d\000a\000t\000i\000o\000n\000\040\000o\000f\000\040\000G\000P\000U\000\040\000C\000o\000m\000p\000u\000t\000i\000n\000g}{section.3.2}% 15
\BOOKMARK [2][-]{subsection.3.2.2}{\376\377\000O\000r\000c\000h\000e\000s\000t\000r\000a\000t\000i\000o\000n\000\040\000L\000a\000y\000e\000r\000:\000\040\000I\000n\000t\000e\000l\000l\000i\000g\000e\000n\000t\000\040\000R\000e\000s\000o\000u\000r\000c\000e\000\040\000M\000a\000n\000a\000g\000e\000m\000e\000n\000t}{section.3.2}% 16
\BOOKMARK [0][-]{chapter.4}{\376\377\000I\000n\000s\000t\000a\000l\000l\000a\000t\000i\000o\000n\000\040\000a\000n\000d\000\040\000S\000e\000t\000u\000p}{}% 17
\BOOKMARK [1][-]{section.4.1}{\376\377\000S\000y\000s\000t\000e\000m\000\040\000P\000r\000e\000r\000e\000q\000u\000i\000s\000i\000t\000e\000s}{chapter.4}% 18
\BOOKMARK [2][-]{subsection.4.1.1}{\376\377\000H\000a\000r\000d\000w\000a\000r\000e\000\040\000R\000e\000q\000u\000i\000r\000e\000m\000e\000n\000t\000s}{section.4.1}% 19
\BOOKMARK [2][-]{subsection.4.1.2}{\376\377\000O\000p\000e\000r\000a\000t\000i\000n\000g\000\040\000S\000y\000s\000t\000e\000m\000\040\000S\000u\000p\000p\000o\000r\000t}{section.4.1}% 20
\BOOKMARK [1][-]{section.4.2}{\376\377\000N\000V\000I\000D\000I\000A\000\040\000D\000r\000i\000v\000e\000r\000\040\000I\000n\000s\000t\000a\000l\000l\000a\000t\000i\000o\000n}{chapter.4}% 21
\BOOKMARK [2][-]{subsection.4.2.1}{\376\377\000L\000i\000n\000u\000x\000\040\000I\000n\000s\000t\000a\000l\000l\000a\000t\000i\000o\000n}{section.4.2}% 22
\BOOKMARK [2][-]{subsection.4.2.2}{\376\377\000V\000e\000r\000i\000f\000i\000c\000a\000t\000i\000o\000n}{section.4.2}% 23
\BOOKMARK [1][-]{section.4.3}{\376\377\000D\000o\000c\000k\000e\000r\000\040\000I\000n\000s\000t\000a\000l\000l\000a\000t\000i\000o\000n\000\040\000a\000n\000d\000\040\000C\000o\000n\000f\000i\000g\000u\000r\000a\000t\000i\000o\000n}{chapter.4}% 24
\BOOKMARK [2][-]{subsection.4.3.1}{\376\377\000D\000o\000c\000k\000e\000r\000\040\000E\000n\000g\000i\000n\000e\000\040\000I\000n\000s\000t\000a\000l\000l\000a\000t\000i\000o\000n}{section.4.3}% 25
\BOOKMARK [2][-]{subsection.4.3.2}{\376\377\000N\000V\000I\000D\000I\000A\000\040\000C\000o\000n\000t\000a\000i\000n\000e\000r\000\040\000T\000o\000o\000l\000k\000i\000t\000\040\000I\000n\000s\000t\000a\000l\000l\000a\000t\000i\000o\000n}{section.4.3}% 26
\BOOKMARK [2][-]{subsection.4.3.3}{\376\377\000G\000P\000U\000\040\000C\000o\000n\000t\000a\000i\000n\000e\000r\000\040\000V\000e\000r\000i\000f\000i\000c\000a\000t\000i\000o\000n}{section.4.3}% 27
\BOOKMARK [1][-]{section.4.4}{\376\377\000M\000i\000n\000i\000k\000u\000b\000e\000\040\000I\000n\000s\000t\000a\000l\000l\000a\000t\000i\000o\000n}{chapter.4}% 28
\BOOKMARK [2][-]{subsection.4.4.1}{\376\377\000M\000i\000n\000i\000k\000u\000b\000e\000\040\000B\000i\000n\000a\000r\000y\000\040\000I\000n\000s\000t\000a\000l\000l\000a\000t\000i\000o\000n}{section.4.4}% 29
\BOOKMARK [2][-]{subsection.4.4.2}{\376\377\000k\000u\000b\000e\000c\000t\000l\000\040\000I\000n\000s\000t\000a\000l\000l\000a\000t\000i\000o\000n}{section.4.4}% 30
\BOOKMARK [1][-]{section.4.5}{\376\377\000S\000y\000s\000t\000e\000m\000\040\000V\000e\000r\000i\000f\000i\000c\000a\000t\000i\000o\000n}{chapter.4}% 31
\BOOKMARK [2][-]{subsection.4.5.1}{\376\377\000C\000o\000m\000p\000r\000e\000h\000e\000n\000s\000i\000v\000e\000\040\000S\000y\000s\000t\000e\000m\000\040\000C\000h\000e\000c\000k}{section.4.5}% 32
\BOOKMARK [1][-]{section.4.6}{\376\377\000T\000r\000o\000u\000b\000l\000e\000s\000h\000o\000o\000t\000i\000n\000g\000\040\000C\000o\000m\000m\000o\000n\000\040\000I\000n\000s\000t\000a\000l\000l\000a\000t\000i\000o\000n\000\040\000I\000s\000s\000u\000e\000s}{chapter.4}% 33
\BOOKMARK [2][-]{subsection.4.6.1}{\376\377\000D\000r\000i\000v\000e\000r\000\040\000I\000n\000s\000t\000a\000l\000l\000a\000t\000i\000o\000n\000\040\000P\000r\000o\000b\000l\000e\000m\000s}{section.4.6}% 34
\BOOKMARK [2][-]{subsection.4.6.2}{\376\377\000D\000o\000c\000k\000e\000r\000\040\000G\000P\000U\000\040\000A\000c\000c\000e\000s\000s\000\040\000I\000s\000s\000u\000e\000s}{section.4.6}% 35
\BOOKMARK [2][-]{subsection.4.6.3}{\376\377\000M\000i\000n\000i\000k\000u\000b\000e\000\040\000G\000P\000U\000\040\000D\000e\000t\000e\000c\000t\000i\000o\000n\000\040\000I\000s\000s\000u\000e\000s}{section.4.6}% 36
\BOOKMARK [0][-]{chapter.5}{\376\377\000I\000m\000p\000l\000e\000m\000e\000n\000t\000a\000t\000i\000o\000n\000\040\000G\000u\000i\000d\000e}{}% 37
\BOOKMARK [1][-]{section.5.1}{\376\377\000C\000l\000u\000s\000t\000e\000r\000\040\000S\000e\000t\000u\000p\000\040\000a\000n\000d\000\040\000I\000n\000i\000t\000i\000a\000l\000i\000z\000a\000t\000i\000o\000n}{chapter.5}% 38
\BOOKMARK [1][-]{section.5.2}{\376\377\000C\000o\000m\000p\000r\000e\000h\000e\000n\000s\000i\000v\000e\000\040\000G\000P\000U\000\040\000V\000a\000l\000i\000d\000a\000t\000i\000o\000n\000\040\000a\000n\000d\000\040\000V\000e\000r\000i\000f\000i\000c\000a\000t\000i\000o\000n}{chapter.5}% 39
\BOOKMARK [1][-]{section.5.3}{\376\377\000G\000P\000U\000\040\000W\000o\000r\000k\000l\000o\000a\000d\000\040\000D\000e\000p\000l\000o\000y\000m\000e\000n\000t\000\040\000a\000n\000d\000\040\000M\000a\000n\000a\000g\000e\000m\000e\000n\000t}{chapter.5}% 40
\BOOKMARK [0][-]{chapter.6}{\376\377\000U\000s\000e\000\040\000C\000a\000s\000e\000s\000\040\000a\000n\000d\000\040\000E\000x\000a\000m\000p\000l\000e\000s}{}% 41
\BOOKMARK [1][-]{section.6.1}{\376\377\000M\000a\000c\000h\000i\000n\000e\000\040\000L\000e\000a\000r\000n\000i\000n\000g\000\040\000T\000r\000a\000i\000n\000i\000n\000g}{chapter.6}% 42
\BOOKMARK [1][-]{section.6.2}{\376\377\000M\000u\000l\000t\000i\000-\000G\000P\000U\000\040\000W\000o\000r\000k\000l\000o\000a\000d\000s}{chapter.6}% 43
\BOOKMARK [0][-]{chapter.7}{\376\377\000T\000e\000s\000t\000i\000n\000g\000\040\000a\000n\000d\000\040\000V\000a\000l\000i\000d\000a\000t\000i\000o\000n}{}% 44
\BOOKMARK [1][-]{section.7.1}{\376\377\000T\000e\000s\000t\000\040\000F\000r\000a\000m\000e\000w\000o\000r\000k}{chapter.7}% 45
\BOOKMARK [1][-]{section.7.2}{\376\377\000A\000u\000t\000o\000m\000a\000t\000e\000d\000\040\000T\000e\000s\000t\000\040\000S\000u\000i\000t\000e}{chapter.7}% 46
\BOOKMARK [0][-]{chapter.8}{\376\377\000P\000e\000r\000f\000o\000r\000m\000a\000n\000c\000e\000\040\000M\000e\000t\000r\000i\000c\000s}{}% 47
\BOOKMARK [1][-]{section.8.1}{\376\377\000E\000x\000p\000e\000c\000t\000e\000d\000\040\000R\000e\000s\000u\000l\000t\000s}{chapter.8}% 48
\BOOKMARK [1][-]{section.8.2}{\376\377\000G\000P\000U\000\040\000V\000a\000l\000i\000d\000a\000t\000i\000o\000n\000\040\000O\000u\000t\000p\000u\000t}{chapter.8}% 49
\BOOKMARK [1][-]{section.8.3}{\376\377\000P\000e\000r\000f\000o\000r\000m\000a\000n\000c\000e\000\040\000B\000e\000n\000c\000h\000m\000a\000r\000k\000s}{chapter.8}% 50
\BOOKMARK [0][-]{chapter.9}{\376\377\000B\000e\000s\000t\000\040\000P\000r\000a\000c\000t\000i\000c\000e\000s}{}% 51
\BOOKMARK [1][-]{section.9.1}{\376\377\000S\000e\000c\000u\000r\000i\000t\000y\000\040\000C\000o\000n\000s\000i\000d\000e\000r\000a\000t\000i\000o\000n\000s}{chapter.9}% 52
\BOOKMARK [1][-]{section.9.2}{\376\377\000O\000p\000t\000i\000m\000i\000z\000a\000t\000i\000o\000n\000\040\000S\000t\000r\000a\000t\000e\000g\000i\000e\000s}{chapter.9}% 53
\BOOKMARK [1][-]{section.9.3}{\376\377\000T\000r\000o\000u\000b\000l\000e\000s\000h\000o\000o\000t\000i\000n\000g\000\040\000G\000u\000i\000d\000e}{chapter.9}% 54
\BOOKMARK [2][-]{subsection.9.3.1}{\376\377\000C\000o\000m\000m\000o\000n\000\040\000I\000s\000s\000u\000e\000s}{section.9.3}% 55
\BOOKMARK [0][-]{chapter.10}{\376\377\000C\000o\000n\000c\000l\000u\000s\000i\000o\000n}{}% 56
\BOOKMARK [1][-]{section.10.1}{\376\377\000S\000u\000m\000m\000a\000r\000y\000\040\000o\000f\000\040\000A\000c\000h\000i\000e\000v\000e\000m\000e\000n\000t\000s}{chapter.10}% 57
\BOOKMARK [1][-]{section.10.2}{\376\377\000F\000u\000t\000u\000r\000e\000\040\000E\000n\000h\000a\000n\000c\000e\000m\000e\000n\000t\000s}{chapter.10}% 58
\BOOKMARK [1][-]{section.10.3}{\376\377\000F\000i\000n\000a\000l\000\040\000R\000e\000m\000a\000r\000k\000s}{chapter.10}% 59
\BOOKMARK [0][-]{chapter.11}{\376\377\000B\000i\000b\000l\000i\000o\000g\000r\000a\000p\000h\000y}{}% 60
\BOOKMARK [0][-]{chapter*.9}{\376\377\000B\000i\000b\000l\000i\000o\000g\000r\000a\000p\000h\000y}{}% 61
\BOOKMARK [0][-]{chapter.12}{\376\377\000A\000p\000p\000e\000n\000d\000i\000c\000e\000s}{}% 62
\BOOKMARK [1][-]{section.12.1}{\376\377\000I\000n\000s\000t\000a\000l\000l\000a\000t\000i\000o\000n\000\040\000P\000r\000e\000r\000e\000q\000u\000i\000s\000i\000t\000e\000s}{chapter.12}% 63
\BOOKMARK [2][-]{subsection.12.1.1}{\376\377\000S\000y\000s\000t\000e\000m\000\040\000R\000e\000q\000u\000i\000r\000e\000m\000e\000n\000t\000s}{section.12.1}% 64
\BOOKMARK [2][-]{subsection.12.1.2}{\376\377\000S\000o\000f\000t\000w\000a\000r\000e\000\040\000D\000e\000p\000e\000n\000d\000e\000n\000c\000i\000e\000s}{section.12.1}% 65
\BOOKMARK [1][-]{section.12.2}{\376\377\000C\000o\000n\000f\000i\000g\000u\000r\000a\000t\000i\000o\000n\000\040\000R\000e\000f\000e\000r\000e\000n\000c\000e}{chapter.12}% 66
\BOOKMARK [2][-]{subsection.12.2.1}{\376\377\000M\000i\000n\000i\000k\000u\000b\000e\000\040\000A\000d\000v\000a\000n\000c\000e\000d\000\040\000C\000o\000n\000f\000i\000g\000u\000r\000a\000t\000i\000o\000n}{section.12.2}% 67
\BOOKMARK [2][-]{subsection.12.2.2}{\376\377\000G\000P\000U\000\040\000R\000e\000s\000o\000u\000r\000c\000e\000\040\000C\000o\000n\000f\000i\000g\000u\000r\000a\000t\000i\000o\000n}{section.12.2}% 68
